// Jest Snapshot v1, https://goo.gl/fbAQLP

exports[`Index matches the snapshot 1`] = `
<div
  className="overflow-hidden"
>
  <div
    className="bg-[#5956E9] no-repeat bg-cover w-screen font-body relative overflow-hidden"
  >
    <div
      className="absolute xl:ml-[-215px] xl:mt-[-185px] xl:flex lg:ml-[-215px] lg:mt-[-185px] lg:flex md:ml-[-215px] md:mt-[-185px] md:flex sm:ml-[-215px] sm:mt-[-185px]"
    >
      <span
        style={
          Object {
            "background": "none",
            "border": 0,
            "boxSizing": "border-box",
            "display": "inline-block",
            "height": "initial",
            "margin": 0,
            "maxWidth": "100%",
            "opacity": 1,
            "overflow": "hidden",
            "padding": 0,
            "position": "relative",
            "width": "initial",
          }
        }
      >
        <span
          style={
            Object {
              "background": "none",
              "border": 0,
              "boxSizing": "border-box",
              "display": "block",
              "height": "initial",
              "margin": 0,
              "maxWidth": "100%",
              "opacity": 1,
              "padding": 0,
              "width": "initial",
            }
          }
        >
          <img
            alt=""
            aria-hidden={true}
            src="data:image/svg+xml,%3csvg%20xmlns=%27http://www.w3.org/2000/svg%27%20version=%271.1%27%20width=%27280%27%20height=%27280%27/%3e"
            style={
              Object {
                "background": "none",
                "border": 0,
                "display": "block",
                "height": "initial",
                "margin": 0,
                "maxWidth": "100%",
                "opacity": 1,
                "padding": 0,
                "width": "initial",
              }
            }
          />
        </span>
        <img
          alt="Asset-Kuning"
          data-nimg="intrinsic"
          decoding="async"
          src="data:image/gif;base64,R0lGODlhAQABAIAAAAAAAP///yH5BAEAAAAALAAAAAABAAEAAAIBRAA7"
          style={
            Object {
              "border": "none",
              "bottom": 0,
              "boxSizing": "border-box",
              "display": "block",
              "height": 0,
              "left": 0,
              "margin": "auto",
              "maxHeight": "100%",
              "maxWidth": "100%",
              "minHeight": "100%",
              "minWidth": "100%",
              "objectFit": undefined,
              "objectPosition": undefined,
              "padding": 0,
              "position": "absolute",
              "right": 0,
              "top": 0,
              "width": 0,
            }
          }
        />
        <noscript>
          <img
            alt="Asset-Kuning"
            data-nimg="intrinsic"
            decoding="async"
            loading="lazy"
            src="/images/kuning.svg"
            srcSet="/images/kuning.svg 1x, /images/kuning.svg 2x"
            style={
              Object {
                "border": "none",
                "bottom": 0,
                "boxSizing": "border-box",
                "display": "block",
                "height": 0,
                "left": 0,
                "margin": "auto",
                "maxHeight": "100%",
                "maxWidth": "100%",
                "minHeight": "100%",
                "minWidth": "100%",
                "objectFit": undefined,
                "objectPosition": undefined,
                "padding": 0,
                "position": "absolute",
                "right": 0,
                "top": 0,
                "width": 0,
              }
            }
          />
        </noscript>
      </span>
    </div>
    <div
      className="absolute xl:left-[50%] xl:top-[20%] xl:flex lg:left-[53%] lg:top-[17%] lg:flex md:hidden sm:hidden"
    >
      <span
        style={
          Object {
            "background": "none",
            "border": 0,
            "boxSizing": "border-box",
            "display": "inline-block",
            "height": "initial",
            "margin": 0,
            "maxWidth": "100%",
            "opacity": 1,
            "overflow": "hidden",
            "padding": 0,
            "position": "relative",
            "width": "initial",
          }
        }
      >
        <span
          style={
            Object {
              "background": "none",
              "border": 0,
              "boxSizing": "border-box",
              "display": "block",
              "height": "initial",
              "margin": 0,
              "maxWidth": "100%",
              "opacity": 1,
              "padding": 0,
              "width": "initial",
            }
          }
        >
          <img
            alt=""
            aria-hidden={true}
            src="data:image/svg+xml,%3csvg%20xmlns=%27http://www.w3.org/2000/svg%27%20version=%271.1%27%20width=%27120%27%20height=%27120%27/%3e"
            style={
              Object {
                "background": "none",
                "border": 0,
                "display": "block",
                "height": "initial",
                "margin": 0,
                "maxWidth": "100%",
                "opacity": 1,
                "padding": 0,
                "width": "initial",
              }
            }
          />
        </span>
        <img
          alt="Lingkaran-Kuning"
          data-nimg="intrinsic"
          decoding="async"
          src="data:image/gif;base64,R0lGODlhAQABAIAAAAAAAP///yH5BAEAAAAALAAAAAABAAEAAAIBRAA7"
          style={
            Object {
              "border": "none",
              "bottom": 0,
              "boxSizing": "border-box",
              "display": "block",
              "height": 0,
              "left": 0,
              "margin": "auto",
              "maxHeight": "100%",
              "maxWidth": "100%",
              "minHeight": "100%",
              "minWidth": "100%",
              "objectFit": undefined,
              "objectPosition": undefined,
              "padding": 0,
              "position": "absolute",
              "right": 0,
              "top": 0,
              "width": 0,
            }
          }
        />
        <noscript>
          <img
            alt="Lingkaran-Kuning"
            data-nimg="intrinsic"
            decoding="async"
            loading="lazy"
            src="/images/kuning.svg"
            srcSet="/images/kuning.svg 1x, /images/kuning.svg 2x"
            style={
              Object {
                "border": "none",
                "bottom": 0,
                "boxSizing": "border-box",
                "display": "block",
                "height": 0,
                "left": 0,
                "margin": "auto",
                "maxHeight": "100%",
                "maxWidth": "100%",
                "minHeight": "100%",
                "minWidth": "100%",
                "objectFit": undefined,
                "objectPosition": undefined,
                "padding": 0,
                "position": "absolute",
                "right": 0,
                "top": 0,
                "width": 0,
              }
            }
          />
        </noscript>
      </span>
    </div>
    <div
      className="absolute xl:top-[-12%] xl:right-[-40%] xl:flex lg:top-[-32%] lg:right-[-60%] lg:flex md:top-[-12%] md:right-[-93%] md:flex sm:hidden"
    >
      <span
        style={
          Object {
            "background": "none",
            "border": 0,
            "boxSizing": "border-box",
            "display": "inline-block",
            "height": "initial",
            "margin": 0,
            "maxWidth": "100%",
            "opacity": 1,
            "overflow": "hidden",
            "padding": 0,
            "position": "relative",
            "width": "initial",
          }
        }
      >
        <span
          style={
            Object {
              "background": "none",
              "border": 0,
              "boxSizing": "border-box",
              "display": "block",
              "height": "initial",
              "margin": 0,
              "maxWidth": "100%",
              "opacity": 1,
              "padding": 0,
              "width": "initial",
            }
          }
        >
          <img
            alt=""
            aria-hidden={true}
            src="data:image/svg+xml,%3csvg%20xmlns=%27http://www.w3.org/2000/svg%27%20version=%271.1%27%20width=%27964%27%20height=%27964%27/%3e"
            style={
              Object {
                "background": "none",
                "border": 0,
                "display": "block",
                "height": "initial",
                "margin": 0,
                "maxWidth": "100%",
                "opacity": 1,
                "padding": 0,
                "width": "initial",
              }
            }
          />
        </span>
        <img
          alt="Asset-Pink"
          data-nimg="intrinsic"
          decoding="async"
          src="data:image/gif;base64,R0lGODlhAQABAIAAAAAAAP///yH5BAEAAAAALAAAAAABAAEAAAIBRAA7"
          style={
            Object {
              "border": "none",
              "bottom": 0,
              "boxSizing": "border-box",
              "display": "block",
              "height": 0,
              "left": 0,
              "margin": "auto",
              "maxHeight": "100%",
              "maxWidth": "100%",
              "minHeight": "100%",
              "minWidth": "100%",
              "objectFit": undefined,
              "objectPosition": undefined,
              "padding": 0,
              "position": "absolute",
              "right": 0,
              "top": 0,
              "width": 0,
            }
          }
        />
        <noscript>
          <img
            alt="Asset-Pink"
            data-nimg="intrinsic"
            decoding="async"
            loading="lazy"
            src="/images/merah-muda.svg"
            srcSet="/images/merah-muda.svg 1x, /images/merah-muda.svg 2x"
            style={
              Object {
                "border": "none",
                "bottom": 0,
                "boxSizing": "border-box",
                "display": "block",
                "height": 0,
                "left": 0,
                "margin": "auto",
                "maxHeight": "100%",
                "maxWidth": "100%",
                "minHeight": "100%",
                "minWidth": "100%",
                "objectFit": undefined,
                "objectPosition": undefined,
                "padding": 0,
                "position": "absolute",
                "right": 0,
                "top": 0,
                "width": 0,
              }
            }
          />
        </noscript>
      </span>
    </div>
    <div
      className="absolute xl:left-[70%] xl:top-[34%] xl:block lg:left-[70%] lg:top-[34%] lg:flex md:left-[70%] md:top-[40%] md:flex sm:hidden"
    >
      <span
        style={
          Object {
            "background": "none",
            "border": 0,
            "boxSizing": "border-box",
            "display": "inline-block",
            "height": "initial",
            "margin": 0,
            "maxWidth": "100%",
            "opacity": 1,
            "overflow": "hidden",
            "padding": 0,
            "position": "relative",
            "width": "initial",
          }
        }
      >
        <span
          style={
            Object {
              "background": "none",
              "border": 0,
              "boxSizing": "border-box",
              "display": "block",
              "height": "initial",
              "margin": 0,
              "maxWidth": "100%",
              "opacity": 1,
              "padding": 0,
              "width": "initial",
            }
          }
        >
          <img
            alt=""
            aria-hidden={true}
            src="data:image/svg+xml,%3csvg%20xmlns=%27http://www.w3.org/2000/svg%27%20version=%271.1%27%20width=%27458%27%20height=%27308%27/%3e"
            style={
              Object {
                "background": "none",
                "border": 0,
                "display": "block",
                "height": "initial",
                "margin": 0,
                "maxWidth": "100%",
                "opacity": 1,
                "padding": 0,
                "width": "initial",
              }
            }
          />
        </span>
        <img
          alt="Asset-Game"
          data-nimg="intrinsic"
          decoding="async"
          src="data:image/gif;base64,R0lGODlhAQABAIAAAAAAAP///yH5BAEAAAAALAAAAAABAAEAAAIBRAA7"
          style={
            Object {
              "border": "none",
              "bottom": 0,
              "boxSizing": "border-box",
              "display": "block",
              "height": 0,
              "left": 0,
              "margin": "auto",
              "maxHeight": "100%",
              "maxWidth": "100%",
              "minHeight": "100%",
              "minWidth": "100%",
              "objectFit": undefined,
              "objectPosition": undefined,
              "padding": 0,
              "position": "absolute",
              "right": 0,
              "top": 0,
              "width": 0,
            }
          }
        />
        <noscript>
          <img
            alt="Asset-Game"
            data-nimg="intrinsic"
            decoding="async"
            loading="lazy"
            src="/images/orang.svg"
            srcSet="/images/orang.svg 1x, /images/orang.svg 2x"
            style={
              Object {
                "border": "none",
                "bottom": 0,
                "boxSizing": "border-box",
                "display": "block",
                "height": 0,
                "left": 0,
                "margin": "auto",
                "maxHeight": "100%",
                "maxWidth": "100%",
                "minHeight": "100%",
                "minWidth": "100%",
                "objectFit": undefined,
                "objectPosition": undefined,
                "padding": 0,
                "position": "absolute",
                "right": 0,
                "top": 0,
                "width": 0,
              }
            }
          />
        </noscript>
      </span>
    </div>
    <div
      className="absolute xl:left-[82%] xl:top-[78%] xl:flex lg:left-[82%] lg:top-[70%] lg:flex md:left-[82%] md:top-[67%] md:flex sm:hidden"
    >
      <span
        style={
          Object {
            "background": "none",
            "border": 0,
            "boxSizing": "border-box",
            "display": "inline-block",
            "height": "initial",
            "margin": 0,
            "maxWidth": "100%",
            "opacity": 1,
            "overflow": "hidden",
            "padding": 0,
            "position": "relative",
            "width": "initial",
          }
        }
      >
        <span
          style={
            Object {
              "background": "none",
              "border": 0,
              "boxSizing": "border-box",
              "display": "block",
              "height": "initial",
              "margin": 0,
              "maxWidth": "100%",
              "opacity": 1,
              "padding": 0,
              "width": "initial",
            }
          }
        >
          <img
            alt=""
            aria-hidden={true}
            src="data:image/svg+xml,%3csvg%20xmlns=%27http://www.w3.org/2000/svg%27%20version=%271.1%27%20width=%2779%27%20height=%2731%27/%3e"
            style={
              Object {
                "background": "none",
                "border": 0,
                "display": "block",
                "height": "initial",
                "margin": 0,
                "maxWidth": "100%",
                "opacity": 1,
                "padding": 0,
                "width": "initial",
              }
            }
          />
        </span>
        <img
          alt="Asset-Batu"
          data-nimg="intrinsic"
          decoding="async"
          src="data:image/gif;base64,R0lGODlhAQABAIAAAAAAAP///yH5BAEAAAAALAAAAAABAAEAAAIBRAA7"
          style={
            Object {
              "border": "none",
              "bottom": 0,
              "boxSizing": "border-box",
              "display": "block",
              "height": 0,
              "left": 0,
              "margin": "auto",
              "maxHeight": "100%",
              "maxWidth": "100%",
              "minHeight": "100%",
              "minWidth": "100%",
              "objectFit": undefined,
              "objectPosition": undefined,
              "padding": 0,
              "position": "absolute",
              "right": 0,
              "top": 0,
              "width": 0,
            }
          }
        />
        <noscript>
          <img
            alt="Asset-Batu"
            data-nimg="intrinsic"
            decoding="async"
            loading="lazy"
            src="/images/batu.svg"
            srcSet="/images/batu.svg 1x, /images/batu.svg 2x"
            style={
              Object {
                "border": "none",
                "bottom": 0,
                "boxSizing": "border-box",
                "display": "block",
                "height": 0,
                "left": 0,
                "margin": "auto",
                "maxHeight": "100%",
                "maxWidth": "100%",
                "minHeight": "100%",
                "minWidth": "100%",
                "objectFit": undefined,
                "objectPosition": undefined,
                "padding": 0,
                "position": "absolute",
                "right": 0,
                "top": 0,
                "width": 0,
              }
            }
          />
        </noscript>
      </span>
    </div>
    <div
      className="container mx-auto px-[6%] overflow-y-hidden"
    >
      <div
        className="flex xl:pt-[4%] lg:pt-[4%] md:pt-[4%]  sm:pt-[4%] items-center overflow-hidden relative"
      >
        <div
          className="w-3/12"
        >
          <span
            style={
              Object {
                "background": "none",
                "border": 0,
                "boxSizing": "border-box",
                "display": "inline-block",
                "height": "initial",
                "margin": 0,
                "maxWidth": "100%",
                "opacity": 1,
                "overflow": "hidden",
                "padding": 0,
                "position": "relative",
                "width": "initial",
              }
            }
          >
            <span
              style={
                Object {
                  "background": "none",
                  "border": 0,
                  "boxSizing": "border-box",
                  "display": "block",
                  "height": "initial",
                  "margin": 0,
                  "maxWidth": "100%",
                  "opacity": 1,
                  "padding": 0,
                  "width": "initial",
                }
              }
            >
              <img
                alt=""
                aria-hidden={true}
                src="data:image/svg+xml,%3csvg%20xmlns=%27http://www.w3.org/2000/svg%27%20version=%271.1%27%20width=%27150%27%20height=%2726%27/%3e"
                style={
                  Object {
                    "background": "none",
                    "border": 0,
                    "display": "block",
                    "height": "initial",
                    "margin": 0,
                    "maxWidth": "100%",
                    "opacity": 1,
                    "padding": 0,
                    "width": "initial",
                  }
                }
              />
            </span>
            <img
              alt="impostor-logo"
              className="cursor-pointer"
              data-nimg="intrinsic"
              decoding="async"
              src="data:image/gif;base64,R0lGODlhAQABAIAAAAAAAP///yH5BAEAAAAALAAAAAABAAEAAAIBRAA7"
              style={
                Object {
                  "border": "none",
                  "bottom": 0,
                  "boxSizing": "border-box",
                  "display": "block",
                  "height": 0,
                  "left": 0,
                  "margin": "auto",
                  "maxHeight": "100%",
                  "maxWidth": "100%",
                  "minHeight": "100%",
                  "minWidth": "100%",
                  "objectFit": undefined,
                  "objectPosition": undefined,
                  "padding": 0,
                  "position": "absolute",
                  "right": 0,
                  "top": 0,
                  "width": 0,
                }
              }
            />
            <noscript>
              <img
                alt="impostor-logo"
                className="cursor-pointer"
                data-nimg="intrinsic"
                decoding="async"
                loading="lazy"
                src="/_next/image?url=%2Fimages%2Flogo-white.png&w=384&q=75"
                srcSet="/_next/image?url=%2Fimages%2Flogo-white.png&w=256&q=75 1x, /_next/image?url=%2Fimages%2Flogo-white.png&w=384&q=75 2x"
                style={
                  Object {
                    "border": "none",
                    "bottom": 0,
                    "boxSizing": "border-box",
                    "display": "block",
                    "height": 0,
                    "left": 0,
                    "margin": "auto",
                    "maxHeight": "100%",
                    "maxWidth": "100%",
                    "minHeight": "100%",
                    "minWidth": "100%",
                    "objectFit": undefined,
                    "objectPosition": undefined,
                    "padding": 0,
                    "position": "absolute",
                    "right": 0,
                    "top": 0,
                    "width": 0,
                  }
                }
              />
            </noscript>
          </span>
        </div>
        <div
          className="w-6/12"
        >
          <ul
            className="flex xl:ml-[-12%] lg:ml-[1%] md:ml-[12%] sm:ml-[15%] xl:pb-[8px] lg:pb-[4px] md:pb-[7px] sm:pb-[6px] space-x-16"
          >
            <li>
              <a
                className="text-white xl:text-lg lg:text-lg md:text-md sm:text-sm cursor-pointer"
              >
                Home
              </a>
            </li>
            <li>
              <a
                className="text-white xl:text-lg lg:text-lg md:text-md sm:text-sm cursor-pointer"
                href="#about"
              >
                About
              </a>
            </li>
          </ul>
        </div>
        <div
          className="xl:w-1/3 lg:w-[40%] md:w-[40%] sm:w-[50%] space-x-5 text-right"
        >
          <button
            className="xl:text-lg xl:py-3 xl:px-10 lg:text-lg lg:py-3 lg:px-8 md:px-6 md:text-md md:py-2.5 sm:px-6 sm:text-sm sm:py-2.5 rounded-2.5xl inline-block bg-white"
            onClick={[Function]}
          >
            Login
          </button>
          <button
            className="xl:text-lg xl:py-3 xl:px-10 lg:text-lg lg:py-3 lg:px-8 md:px-6 md:text-md md:py-2.5 sm:px-6 sm:text-sm sm:py-2.5 rounded-2.5xl inline-block bg-white"
            onClick={[Function]}
          >
            Register
          </button>
        </div>
      </div>
      <div
        className="xl:w-[55%] lg:w-[60%] md:w-[60%] sm:w-[100%] mt-[4%]"
      >
        <h1
          className="text-white xl:text-8xl lg:text-7xl md:text-5xl sm:text-4xl xl:ml-[0] lg:ml-[0] md:ml-[0] sm:ml-[30%] font-bold font-body pr-32"
        >
          lets show your talent for game
        </h1>
        <div
          className="xl:ml-[0] lg:ml-[0] md:ml-[0] sm:ml-[40%] mt-[5%]"
        >
          <a
            className="xl:text-lg xl:py-3 xl:px-10 lg:text-lg lg:py-3 lg:px-8 md:px-6 md:text-md md:py-2.5 sm:px-6 sm:text-sm sm:py-2.5 rounded-2.5xl inline-block bg-yellow-500 "
            href="replace"
          >
            Get Started
          </a>
        </div>
      </div>
    </div>
    <div
      className="sticky"
    >
      <svg
        viewBox="0 0 1440 320"
        xmlns="http://www.w3.org/2000/svg"
      >
        <path
          d="M0,160L48,170.7C96,181,192,203,288,218.7C384,235,480,245,576,224C672,203,768,149,864,144C960,139,1056,181,1152,208C1248,235,1344,245,1392,250.7L1440,256L1440,320L1392,320C1344,320,1248,320,1152,320C1056,320,960,320,864,320C768,320,672,320,576,320C480,320,384,320,288,320C192,320,96,320,48,320L0,320Z"
          fill="#FFFFFF"
          fillOpacity="1"
        />
      </svg>
    </div>
  </div>
  <section>
    <div
      className="container mx-auto"
    >
      <h2
        className="xl:text-8xl lg:text-7xl md:text-6xl sm:text-5xl font-bold font-body text-center"
      >
        List Game
      </h2>
      <div
        className="flex w-9/12 mx-auto xl:mt-16 lg:mt-12 md:mt-8 sm:mt-8"
      >
        <div
          className="w-4/12"
        >
          <a
            href="/login"
            onClick={[Function]}
            onMouseEnter={[Function]}
          >
            <span
              style={
                Object {
                  "background": "none",
                  "border": 0,
                  "boxSizing": "border-box",
                  "display": "inline-block",
                  "height": "initial",
                  "margin": 0,
                  "maxWidth": "100%",
                  "opacity": 1,
                  "overflow": "hidden",
                  "padding": 0,
                  "position": "relative",
                  "width": "initial",
                }
              }
            >
              <span
                style={
                  Object {
                    "background": "none",
                    "border": 0,
                    "boxSizing": "border-box",
                    "display": "block",
                    "height": "initial",
                    "margin": 0,
                    "maxWidth": "100%",
                    "opacity": 1,
                    "padding": 0,
                    "width": "initial",
                  }
                }
              >
                <img
                  alt=""
                  aria-hidden={true}
                  src="data:image/svg+xml,%3csvg%20xmlns=%27http://www.w3.org/2000/svg%27%20version=%271.1%27%20width=%27294%27%20height=%27217%27/%3e"
                  style={
                    Object {
                      "background": "none",
                      "border": 0,
                      "display": "block",
                      "height": "initial",
                      "margin": 0,
                      "maxWidth": "100%",
                      "opacity": 1,
                      "padding": 0,
                      "width": "initial",
                    }
                  }
                />
              </span>
              <img
                alt="game1"
                className="cursor-pointer"
                data-nimg="intrinsic"
                decoding="async"
                src="data:image/gif;base64,R0lGODlhAQABAIAAAAAAAP///yH5BAEAAAAALAAAAAABAAEAAAIBRAA7"
                style={
                  Object {
                    "border": "none",
                    "bottom": 0,
                    "boxSizing": "border-box",
                    "display": "block",
                    "height": 0,
                    "left": 0,
                    "margin": "auto",
                    "maxHeight": "100%",
                    "maxWidth": "100%",
                    "minHeight": "100%",
                    "minWidth": "100%",
                    "objectFit": undefined,
                    "objectPosition": undefined,
                    "padding": 0,
                    "position": "absolute",
                    "right": 0,
                    "top": 0,
                    "width": 0,
                  }
                }
              />
              <noscript>
                <img
                  alt="game1"
                  className="cursor-pointer"
                  data-nimg="intrinsic"
                  decoding="async"
                  loading="lazy"
                  src="/_next/image?url=%2Fimages%2Fgame1.png&w=640&q=75"
                  srcSet="/_next/image?url=%2Fimages%2Fgame1.png&w=384&q=75 1x, /_next/image?url=%2Fimages%2Fgame1.png&w=640&q=75 2x"
                  style={
                    Object {
                      "border": "none",
                      "bottom": 0,
                      "boxSizing": "border-box",
                      "display": "block",
                      "height": 0,
                      "left": 0,
                      "margin": "auto",
                      "maxHeight": "100%",
                      "maxWidth": "100%",
                      "minHeight": "100%",
                      "minWidth": "100%",
                      "objectFit": undefined,
                      "objectPosition": undefined,
                      "padding": 0,
                      "position": "absolute",
                      "right": 0,
                      "top": 0,
                      "width": 0,
                    }
                  }
                />
              </noscript>
            </span>
          </a>
        </div>
        <div
          className="w-4/12"
        >
          <a
            href="/login"
            onClick={[Function]}
            onMouseEnter={[Function]}
          >
            <span
              style={
                Object {
                  "background": "none",
                  "border": 0,
                  "boxSizing": "border-box",
                  "display": "inline-block",
                  "height": "initial",
                  "margin": 0,
                  "maxWidth": "100%",
                  "opacity": 1,
                  "overflow": "hidden",
                  "padding": 0,
                  "position": "relative",
                  "width": "initial",
                }
              }
            >
              <span
                style={
                  Object {
                    "background": "none",
                    "border": 0,
                    "boxSizing": "border-box",
                    "display": "block",
                    "height": "initial",
                    "margin": 0,
                    "maxWidth": "100%",
                    "opacity": 1,
                    "padding": 0,
                    "width": "initial",
                  }
                }
              >
                <img
                  alt=""
                  aria-hidden={true}
                  src="data:image/svg+xml,%3csvg%20xmlns=%27http://www.w3.org/2000/svg%27%20version=%271.1%27%20width=%27294%27%20height=%27217%27/%3e"
                  style={
                    Object {
                      "background": "none",
                      "border": 0,
                      "display": "block",
                      "height": "initial",
                      "margin": 0,
                      "maxWidth": "100%",
                      "opacity": 1,
                      "padding": 0,
                      "width": "initial",
                    }
                  }
                />
              </span>
              <img
                alt="game2"
                className="cursor-pointer"
                data-nimg="intrinsic"
                decoding="async"
                src="data:image/gif;base64,R0lGODlhAQABAIAAAAAAAP///yH5BAEAAAAALAAAAAABAAEAAAIBRAA7"
                style={
                  Object {
                    "border": "none",
                    "bottom": 0,
                    "boxSizing": "border-box",
                    "display": "block",
                    "height": 0,
                    "left": 0,
                    "margin": "auto",
                    "maxHeight": "100%",
                    "maxWidth": "100%",
                    "minHeight": "100%",
                    "minWidth": "100%",
                    "objectFit": undefined,
                    "objectPosition": undefined,
                    "padding": 0,
                    "position": "absolute",
                    "right": 0,
                    "top": 0,
                    "width": 0,
                  }
                }
              />
              <noscript>
                <img
                  alt="game2"
                  className="cursor-pointer"
                  data-nimg="intrinsic"
                  decoding="async"
                  loading="lazy"
                  src="/_next/image?url=%2Fimages%2Fgame2.png&w=640&q=75"
                  srcSet="/_next/image?url=%2Fimages%2Fgame2.png&w=384&q=75 1x, /_next/image?url=%2Fimages%2Fgame2.png&w=640&q=75 2x"
                  style={
                    Object {
                      "border": "none",
                      "bottom": 0,
                      "boxSizing": "border-box",
                      "display": "block",
                      "height": 0,
                      "left": 0,
                      "margin": "auto",
                      "maxHeight": "100%",
                      "maxWidth": "100%",
                      "minHeight": "100%",
                      "minWidth": "100%",
                      "objectFit": undefined,
                      "objectPosition": undefined,
                      "padding": 0,
                      "position": "absolute",
                      "right": 0,
                      "top": 0,
                      "width": 0,
                    }
                  }
                />
              </noscript>
            </span>
          </a>
        </div>
        <div
          className="w-4/12"
        >
          <a
            href="/login"
            onClick={[Function]}
            onMouseEnter={[Function]}
          >
            <span
              style={
                Object {
                  "background": "none",
                  "border": 0,
                  "boxSizing": "border-box",
                  "display": "inline-block",
                  "height": "initial",
                  "margin": 0,
                  "maxWidth": "100%",
                  "opacity": 1,
                  "overflow": "hidden",
                  "padding": 0,
                  "position": "relative",
                  "width": "initial",
                }
              }
            >
              <span
                style={
                  Object {
                    "background": "none",
                    "border": 0,
                    "boxSizing": "border-box",
                    "display": "block",
                    "height": "initial",
                    "margin": 0,
                    "maxWidth": "100%",
                    "opacity": 1,
                    "padding": 0,
                    "width": "initial",
                  }
                }
              >
                <img
                  alt=""
                  aria-hidden={true}
                  src="data:image/svg+xml,%3csvg%20xmlns=%27http://www.w3.org/2000/svg%27%20version=%271.1%27%20width=%27294%27%20height=%27217%27/%3e"
                  style={
                    Object {
                      "background": "none",
                      "border": 0,
                      "display": "block",
                      "height": "initial",
                      "margin": 0,
                      "maxWidth": "100%",
                      "opacity": 1,
                      "padding": 0,
                      "width": "initial",
                    }
                  }
                />
              </span>
              <img
                alt="game3"
                className="cursor-pointer"
                data-nimg="intrinsic"
                decoding="async"
                src="data:image/gif;base64,R0lGODlhAQABAIAAAAAAAP///yH5BAEAAAAALAAAAAABAAEAAAIBRAA7"
                style={
                  Object {
                    "border": "none",
                    "bottom": 0,
                    "boxSizing": "border-box",
                    "display": "block",
                    "height": 0,
                    "left": 0,
                    "margin": "auto",
                    "maxHeight": "100%",
                    "maxWidth": "100%",
                    "minHeight": "100%",
                    "minWidth": "100%",
                    "objectFit": undefined,
                    "objectPosition": undefined,
                    "padding": 0,
                    "position": "absolute",
                    "right": 0,
                    "top": 0,
                    "width": 0,
                  }
                }
              />
              <noscript>
                <img
                  alt="game3"
                  className="cursor-pointer"
                  data-nimg="intrinsic"
                  decoding="async"
                  loading="lazy"
                  src="/_next/image?url=%2Fimages%2Fgame3.png&w=640&q=75"
                  srcSet="/_next/image?url=%2Fimages%2Fgame3.png&w=384&q=75 1x, /_next/image?url=%2Fimages%2Fgame3.png&w=640&q=75 2x"
                  style={
                    Object {
                      "border": "none",
                      "bottom": 0,
                      "boxSizing": "border-box",
                      "display": "block",
                      "height": 0,
                      "left": 0,
                      "margin": "auto",
                      "maxHeight": "100%",
                      "maxWidth": "100%",
                      "minHeight": "100%",
                      "minWidth": "100%",
                      "objectFit": undefined,
                      "objectPosition": undefined,
                      "padding": 0,
                      "position": "absolute",
                      "right": 0,
                      "top": 0,
                      "width": 0,
                    }
                  }
                />
              </noscript>
            </span>
          </a>
        </div>
      </div>
    </div>
    <div
      className="container mt-14"
    >
      <div
        className="relative pt-[56.25%]"
      >
        <div
          className="absolute top-0 left-0"
          style={
            Object {
              "height": "100%",
              "width": "100%",
            }
          }
        />
      </div>
    </div>
    <div
      className="sticky"
    >
      <svg
        viewBox="0 0 1440 320"
        xmlns="http://www.w3.org/2000/svg"
      >
        <path
          d="M0,224L48,208C96,192,192,160,288,170.7C384,181,480,235,576,240C672,245,768,203,864,197.3C960,192,1056,224,1152,218.7C1248,213,1344,171,1392,149.3L1440,128L1440,320L1392,320C1344,320,1248,320,1152,320C1056,320,960,320,864,320C768,320,672,320,576,320C480,320,384,320,288,320C192,320,96,320,48,320L0,320Z"
          fill="#5956E9"
          fillOpacity="1"
        />
      </svg>
    </div>
  </section>
  <section
    className="bg-[#5956E9] xl:mt-[-7%] lg:mt-[-8%] md:mt-[-11%] sm:mt-[-13%] pb-20"
    id="about"
  >
    <div
      className="w-8/12 container"
    >
      <div
        className=""
      >
        <h2
          className="xl:text-4xl lg:text-3xl md:text-3xl sm:text-2xl font-body  text-white text-center my-20"
        >
          What's on the impostor website
        </h2>
      </div>
      <div
        className="py-10"
      >
        <h2
          className="xl:text-4xl lg:text-3xl md:text-3xl sm:text-2xl font-body  text-white"
        >
          ABOUT US
        </h2>
        <p
          className="leading-relaxed text-white mt-6"
        >
          Lorem Ipsum is simply dummy text of the printing and typesetting industry. Lorem Ipsum has been the industry's standard dummy text ever since the 1500s, when an unknown printer took a galley of type and scrambled it to make a type specimen book. It has survived not only five centuries, but also the leap into electronic typesetting, remaining essentially unchanged. It was popularised in the 1960s with the release of Letraset sheets containing Lorem Ipsum passages, and more recently with desktop publishing software like Aldus PageMaker including versions of Lorem Ipsum.
        </p>
      </div>
      <div
        className="py-10"
      >
        <h2
          className="xl:text-4xl lg:text-3xl md:text-3xl sm:text-2xl font-body  text-white"
        >
          FREE ONLINE GAMES
        </h2>
        <p
          className="leading-relaxed text-white mt-6"
        >
          Contrary to popular belief, Lorem Ipsum is not simply random text. It has roots in a piece of classical Latin literature from 45 BC, making it over 2000 years old. Richard McClintock, a Latin professor at Hampden-Sydney College in Virginia, looked up one of the more obscure Latin words, consectetur, from a Lorem Ipsum passage, and going through the cites of the word in classical literature, discovered the undoubtable source.
        </p>
      </div>
      <div
        className="py-10"
      >
        <h2
          className="xl:text-4xl lg:text-3xl md:text-3xl sm:text-2xl font-body  text-white"
        >
          HOW TO PLAY
        </h2>
        <p
          className="leading-relaxed text-white mt-6"
        >
          It is a long established fact that a reader will be distracted by the readable content of a page when looking at its layout. The point of using Lorem Ipsum is that it has a more-or-less normal distribution of letters, as opposed to using 'Content here, content here', making it look like readable English. Many desktop publishing packages and web page editors now use Lorem Ipsum as their default model text, and a search for 'lorem ipsum' will uncover many web sites still in their infancy.
        </p>
      </div>
    </div>
  </section>
  <section
    className="py-20 font-body"
  >
    <div
      className="container"
    >
      <div
        className="flex xl:items-center lg:items-center"
      >
        <div
          className="flex flex-col w-4/12 justify-start px-16"
        >
          <div
            className="flex"
          >
            <span
              style={
                Object {
                  "background": "none",
                  "border": 0,
                  "boxSizing": "border-box",
                  "display": "inline-block",
                  "height": "initial",
                  "margin": 0,
                  "maxWidth": "100%",
                  "opacity": 1,
                  "overflow": "hidden",
                  "padding": 0,
                  "position": "relative",
                  "width": "initial",
                }
              }
            >
              <span
                style={
                  Object {
                    "background": "none",
                    "border": 0,
                    "boxSizing": "border-box",
                    "display": "block",
                    "height": "initial",
                    "margin": 0,
                    "maxWidth": "100%",
                    "opacity": 1,
                    "padding": 0,
                    "width": "initial",
                  }
                }
              >
                <img
                  alt=""
                  aria-hidden={true}
                  src="data:image/svg+xml,%3csvg%20xmlns=%27http://www.w3.org/2000/svg%27%20version=%271.1%27%20width=%2730%27%20height=%2730%27/%3e"
                  style={
                    Object {
                      "background": "none",
                      "border": 0,
                      "display": "block",
                      "height": "initial",
                      "margin": 0,
                      "maxWidth": "100%",
                      "opacity": 1,
                      "padding": 0,
                      "width": "initial",
                    }
                  }
                />
              </span>
              <img
                alt="impostor-logo"
                data-nimg="intrinsic"
                decoding="async"
                src="data:image/gif;base64,R0lGODlhAQABAIAAAAAAAP///yH5BAEAAAAALAAAAAABAAEAAAIBRAA7"
                style={
                  Object {
                    "border": "none",
                    "bottom": 0,
                    "boxSizing": "border-box",
                    "display": "block",
                    "height": 0,
                    "left": 0,
                    "margin": "auto",
                    "maxHeight": "100%",
                    "maxWidth": "100%",
                    "minHeight": "100%",
                    "minWidth": "100%",
                    "objectFit": undefined,
                    "objectPosition": undefined,
                    "padding": 0,
                    "position": "absolute",
                    "right": 0,
                    "top": 0,
                    "width": 0,
                  }
                }
              />
              <noscript>
                <img
                  alt="impostor-logo"
                  data-nimg="intrinsic"
                  decoding="async"
                  loading="lazy"
                  src="/images/impostor-logo.svg"
                  srcSet="/images/impostor-logo.svg 1x, /images/impostor-logo.svg 2x"
                  style={
                    Object {
                      "border": "none",
                      "bottom": 0,
                      "boxSizing": "border-box",
                      "display": "block",
                      "height": 0,
                      "left": 0,
                      "margin": "auto",
                      "maxHeight": "100%",
                      "maxWidth": "100%",
                      "minHeight": "100%",
                      "minWidth": "100%",
                      "objectFit": undefined,
                      "objectPosition": undefined,
                      "padding": 0,
                      "position": "absolute",
                      "right": 0,
                      "top": 0,
                      "width": 0,
                    }
                  }
                />
              </noscript>
            </span>
            <span
              className="font-bold xl:px-2.5 lg:px-2.5 md:px-0 xl:text-4xl lg:text-4xl md:text-3xl text-primary"
            >
              Impostor
            </span>
          </div>
          <p
            className="mt-5 leading-relaxed"
          >
            Lorem Ipsum is simply dummy text of the printing and typesetting industry. Lorem Ipsum has been the industry's standard dummy text ever since the 1500s, when an unknown printer took a galley of type and scrambled it to make a type specimen book.
          </p>
        </div>
        <div
          className="w-4/12 xl:px-16 lg:px-16 md:px-14 sm:px-7"
        >
          <h3
            className="xl:text-3xl lg:text-2xl"
          >
            CONTRIBUTOR
          </h3>
          <ul
            className="mt-5"
          >
            <li>
              <a
                className="text-lg"
                href="/#"
                onClick={[Function]}
                onMouseEnter={[Function]}
              >
                Bogiant
              </a>
            </li>
            <li>
              <a
                className="text-lg"
                href="/#"
                onClick={[Function]}
                onMouseEnter={[Function]}
              >
                Fikri
              </a>
            </li>
            <li>
              <a
                className="text-lg"
                href="/#"
                onClick={[Function]}
                onMouseEnter={[Function]}
              >
                Hasby
              </a>
            </li>
            <li>
              <a
                className="text-lg"
                href="/#"
                onClick={[Function]}
                onMouseEnter={[Function]}
              >
                Oja
              </a>
            </li>
            <li>
              <a
                className="text-lg"
                href="/#"
                onClick={[Function]}
                onMouseEnter={[Function]}
              >
                Ulfa
              </a>
            </li>
          </ul>
        </div>
        <div
          className="xl:w-4/12 lg:w-4/12 md:w-[45%] sm:w-[60%] xl:px-16 lg:px-16 md:px-14 sm:px-7"
        >
          <h3
            className="xl:text-3xl lg:text-2xl md:text-2xl sm:text-2xl"
          >
            Newsletter
          </h3>
          <form
            className="mt-5"
          >
            <input
              className="w-full border rounded-full py-3 xl:px-10 lg:px-7 md:px-2 sm:px-2"
              name="email"
              placeholder="Enter email address"
              type="text"
            />
          </form>
          <a
            className="mt-3 rounded-full bg-primary text-white text-lg px-10 py-3 inline-block text-center"
            href="/#"
            onClick={[Function]}
            onMouseEnter={[Function]}
          >
            SUBSCRIBE
          </a>
          <p
            className="mt-5"
          >
            We never spam you!
          </p>
        </div>
      </div>
    </div>
  </section>
  <footer>
    <div
      className="container text-center py-10"
    >
      <p>
        ©2022 Impostor Team. All Rights Reserved
      </p>
    </div>
  </footer>
</div>
`;
